8.7s 1 0.00s - Debugger warning: It seems that frozen modules are being used, which may
8.7s 2 0.00s - make the debugger miss breakpoints. Please pass -Xfrozen_modules=off
8.7s 3 0.00s - to python to disable frozen modules.
8.7s 4 0.00s - Note: Debugging will proceed. Set PYDEVD_DISABLE_FILE_VALIDATION=1 to disable this validation.
9.4s 5 0.00s - Debugger warning: It seems that frozen modules are being used, which may
9.4s 6 0.00s - make the debugger miss breakpoints. Please pass -Xfrozen_modules=off
9.4s 7 0.00s - to python to disable frozen modules.
9.4s 8 0.00s - Note: Debugging will proceed. Set PYDEVD_DISABLE_FILE_VALIDATION=1 to disable this validation.
10.6s 9 Setup complete.
31.8s 10 Imports OK.
31.8s 11 GPUs: 2 | Device: cuda
31.8s 12 --- v5: v4 全量优化 + Augmentation + Gold/Pseudo Mixed Training ---
31.8s 13 comp_input: /kaggle/input/competitions/rsna-knee-abnormality-detection
31.8s 14 pseudo_input: /kaggle/input/rsna-knee-soft-labels
31.8s 15 fused_labels: /kaggle/input/datasets/charlottemorandi/labels-v5/pseudo_labels_v5.csv
31.8s 16 dicom_subdir: train_series
31.8s 17 output_dir: /kaggle/working
31.8s 18 image_size: 288
31.8s 19 crop_mm: 130.0
31.8s 20 cache_slices: 9
31.8s 21 group_size: 3
31.8s 22 center_pct: (0.2, 0.8)
31.8s 23 dinov2_variant: vit_small_patch14_dinov2.lvd142m
31.8s 24 dinov2_weights: /kaggle/input/datasets/charlottemorandi/dinov2-v5-weights/dinov2_vits14.pth
31.8s 25 v3_ckpt: /kaggle/input/rsna-knee-v3-checkpoint/best_model.pt
31.8s 26 cls_dim: 384
31.8s 27 feature_dim: 1152
31.8s 28 slot_hidden: 256
31.8s 29 num_classes: 12
31.8s 30 unfreeze_layers: 6
31.8s 31 dropout: 0.2
31.8s 32 batch_size: 6
31.8s 33 grad_accum_steps: 2
31.8s 34 epochs: 40
31.8s 35 lr: 0.0002
31.8s 36 backbone_lr: 1e-05
31.8s 37 weight_decay: 0.0001
31.8s 38 lr_t0: 15
31.8s 39 lr_t_mult: 2
31.8s 40 lr_eta_min: 1e-06
31.8s 41 grad_clip: 1.0
31.8s 42 early_stop_patience: 15
31.8s 43 mixed_precision: True
31.8s 44 num_workers: 2
31.8s 45 ema_decay: 0.999
31.8s 46 focal_alpha: 0.25
31.8s 47 focal_gamma: 2.0
31.8s 48 use_self_distill: True
31.8s 49 diag_pool_train: True
31.8s 50 hdr_threads: 8
31.8s 51 pix_threads: 4
31.8s 52 augment: True
31.8s 53 aug_rotation: 10.0
31.8s 54 aug_scale: 0.1
31.8s 55 aug_shift: 0.05
31.8s 56 aug_gamma: 0.3
31.8s 57 aug_brightness: 0.1
31.8s 58 aug_contrast: 0.1
31.8s 59 aug_prob: 0.9
31.8s 60 gold_train_frac: 0.7
31.8s 61 gold_sample_weight: 20.0
31.8s 62 seed: 42
31.9s 63 Slot matching v4 ready.
32.0s 64 DICOM I/O v4 ready.
32.1s 65 SlotHead params: 0.305M
32.1s 66 Diag pool targets: [11, 10, 2, 3, 9, 0, 1]
32.1s 67 Model v4 ready.
32.1s 68 Loss functions v4 ready (FocalBCE + WeightedSoftBCE).
32.2s 69 Dataset v5 ready (with augmentation).
32.7s 70 Gold studies (all 12 labeled): 58
32.7s 71 Unlabeled studies: 4349
32.7s 72 ★ v5 split: Train=41 gold + all pseudo, Val=17 gold
32.7s 73 Gold positives per class: min=9, max=35, mean=20.0
32.7s 74 Fused labels: /kaggle/input/datasets/charlottemorandi/labels-v5/pseudo_labels_v5.csv
33.8s 75 
33.8s 76 Train: 4,390 studies (gold=41, pseudo=4349)
33.8s 77 Val:   17 studies (all gold)
33.8s 78 Val labeled per class: min=17, mean=17.0
34.0s 79 DICOM root: /kaggle/input/competitions/rsna-knee-abnormality-detection/train_series
382.5s 80 Slot map: 4407 studies
382.5s 81 SAG_FLUID_FS      :  4150/4407 (94%)
382.5s 82 COR_FLUID_FS      :  4248/4407 (96%)
382.5s 83 AX_FLUID_FS       :  4407/4407 (100%)
382.5s 84 SAG_FLUID_NOFS    :     0/4407 (0%)
382.5s 85 COR_T1            :  3406/4407 (77%)
382.5s 86 SAG_T1            :  4266/4407 (97%)
382.5s 87 Studies to cache: 4407
521.5s 88 Laterality detected: 4407/4407 studies (100.0%), R=2360, L=2047, (138.7s)
521.5s 89 Cache: (4407, 6, 9, 288, 288) = 18.38 GB uint8
521.5s 90 Decoding 20477 slot-series (parallel, 4 threads)...
1104.6s 91 [2000/20477] 10% | 584s | ~90min left
1635.2s 92 [4000/20477] 20% | 1114s | ~76min left
2149.4s 93 [6000/20477] 29% | 1628s | ~65min left
2669.9s 94 [8000/20477] 39% | 2149s | ~56min left
3166.2s 95 [10000/20477] 49% | 2645s | ~46min left
3632.7s 96 [12000/20477] 59% | 3112s | ~37min left
4113.4s 97 [14000/20477] 68% | 3592s | ~28min left
4583.7s 98 [16000/20477] 78% | 4063s | ~19min left
5052.1s 99 [18000/20477] 88% | 4531s | ~10min left
5505.0s 100 [20000/20477] 98% | 4984s | ~2min left
5651.2s 101 
5651.2s 102 Cache built: 4407 studies, 20475 series, 18.4 GB in 5130s
5651.2s 103 Avg slots/study: 4.6
5651.2s 104 Failed reads: 2
5651.2s 105 ★ Physical crop: 130.0mm | Laterality: 2360R/2047L | Threads: 4
5651.5s 106 Train: 4390 studies → 731 batches × 6
5651.5s 107 gold=41 (weight=20×) → effective fraction=54.3%
5651.5s 108 Val:   17 studies → 3 batches × 6
5651.6s 109 Training functions v5 ready (EMA + WeightedSoftBCE).
5651.7s 110 Loading DINOv2 backbone...
5653.4s 111 pos_embed interpolated: [37×37] → [20×20]
5653.4s 112 DINOv2 pretrained weights loaded: /kaggle/input/datasets/charlottemorandi/dinov2-v5-weights/dinov2_vits14.pth
5653.8s 113 [Model] DataParallel across 2 GPUs
5653.8s 114 Optimizer: backbone 10.7M @ lr=1e-05
5653.8s 115 head     0.3M @ lr=0.0002
5653.8s 116 Loss: WeightedSoftBCE (confidence-weighted soft labels)
5653.8s 117 EMA: decay=0.999
5653.8s 118 Model v5 ready.
5653.9s 119 ==================================================
5653.9s 120 SANITY CHECK
5653.9s 121 ==================================================
5653.9s 122 Cache: (4407, 6, 9, 288, 288) | uint8 | 18.38 GB
5653.9s 123 Mask:  (4407, 6) | slots/study: 4.6
5653.9s 124 Train: 4,390 studies | Val: 17 studies
5657.1s 125 Forward: torch.Size([6, 6, 3, 288, 288]) → torch.Size([6, 12]) | logits range [-0.415, 0.609]
5657.1s 126 Mean sigmoid: 0.519
5657.1s 127 GPU memory: 0.14 GB allocated
5657.1s 128 Sanity check PASSED.
5657.1s 129 Training: 4390 studies, 40 epochs
5657.1s 130 Effective batch = 6 × 2 GPU × 2 accum = 24
5657.1s 131 WeightedSoftBCE (confidence-weighted) | EMA(0.999)
5657.1s 132 ★ Physical crop: 130.0mm | Laterality norm | Spatial ordering
5657.1s 133 
5659.4s 134 Epoch   1 [   0/ 731] loss=0.5439 | slots=4.7/6
5665.9s 135 Epoch   1 [  50/ 731] loss=0.2799 | slots=4.7/6
5672.2s 136 Epoch   1 [ 100/ 731] loss=0.3858 | slots=4.5/6
5678.5s 137 Epoch   1 [ 150/ 731] loss=0.4176 | slots=4.8/6
5684.9s 138 Epoch   1 [ 200/ 731] loss=0.4173 | slots=4.7/6
5691.3s 139 Epoch   1 [ 250/ 731] loss=0.3351 | slots=4.8/6
5697.7s 140 Epoch   1 [ 300/ 731] loss=0.2806 | slots=5.0/6
5704.7s 141 Epoch   1 [ 350/ 731] loss=0.4077 | slots=4.7/6
5711.0s 142 Epoch   1 [ 400/ 731] loss=0.3086 | slots=4.3/6
5717.4s 143 Epoch   1 [ 450/ 731] loss=0.3644 | slots=4.3/6
5723.8s 144 Epoch   1 [ 500/ 731] loss=0.2925 | slots=4.8/6
5730.0s 145 Epoch   1 [ 550/ 731] loss=0.2840 | slots=4.2/6
5736.4s 146 Epoch   1 [ 600/ 731] loss=0.3566 | slots=4.7/6
5742.8s 147 Epoch   1 [ 650/ 731] loss=0.2863 | slots=4.8/6
5749.3s 148 Epoch   1 [ 700/ 731] loss=0.2938 | slots=4.8/6
5758.6s 149 --- Epoch   1 | train_loss=0.3350 | val_loss=0.6281 | val_auc=0.5725 | 101s | ~66min left ---
5758.6s 150 
5758.6s 151 Class                    AUC   Pos
5758.6s 152 -------------------- ------- -----
5758.6s 153 ACL                    0.636     6
5758.6s 154 MCL                    0.667     3
5758.6s 155 Medial Meniscus        0.643     7
5758.6s 156 Lateral Meniscus       0.571    10
5758.6s 157 Medial OA              0.600     7
5758.6s 158 Lateral OA             0.571     3
5758.6s 159 PF OA                  0.621     6
5758.6s 160 Effusion               0.343    10
5758.6s 161 Synovitis              0.515     6
5758.6s 162 Baker's                0.596     4
5758.6s 163 Contusion              0.423     4
5758.6s 164 Fracture               0.683     5
5758.6s 165 -------------------- ------- -----
5758.6s 166 Macro AUC              0.573
5758.6s 167 
5758.6s 168 ★ Best model saved (epoch=1, AUC=0.5725)
5759.6s 169 Epoch   2 [   0/ 731] loss=0.3568 | slots=4.5/6
5766.1s 170 Epoch   2 [  50/ 731] loss=0.2779 | slots=4.8/6
5772.7s 171 Epoch   2 [ 100/ 731] loss=0.3678 | slots=4.8/6
5779.3s 172 Epoch   2 [ 150/ 731] loss=0.2700 | slots=4.7/6
5785.8s 173 Epoch   2 [ 200/ 731] loss=0.2619 | slots=4.2/6
5792.4s 174 Epoch   2 [ 250/ 731] loss=0.2989 | slots=4.5/6
5798.9s 175 Epoch   2 [ 300/ 731] loss=0.2892 | slots=4.2/6
5806.0s 176 Epoch   2 [ 350/ 731] loss=0.2800 | slots=4.7/6
5812.6s 177 Epoch   2 [ 400/ 731] loss=0.2759 | slots=4.7/6
5819.1s 178 Epoch   2 [ 450/ 731] loss=0.2604 | slots=4.7/6
5825.8s 179 Epoch   2 [ 500/ 731] loss=0.2837 | slots=5.0/6
5832.3s 180 Epoch   2 [ 550/ 731] loss=0.3173 | slots=4.8/6
5838.9s 181 Epoch   2 [ 600/ 731] loss=0.2437 | slots=4.2/6
5845.4s 182 Epoch   2 [ 650/ 731] loss=0.2453 | slots=4.7/6
5852.0s 183 Epoch   2 [ 700/ 731] loss=0.2768 | slots=4.5/6
5861.3s 184 --- Epoch   2 | train_loss=0.3010 | val_loss=0.6386 | val_auc=0.6215 | 102s | ~65min left ---
5861.3s 185 
5861.3s 186 Class                    AUC   Pos
5861.3s 187 -------------------- ------- -----
5861.3s 188 ACL                    0.803     6
5861.3s 189 MCL                    0.738     3
5861.3s 190 Medial Meniscus        0.629     7
5861.3s 191 Lateral Meniscus       0.600    10
5861.3s 192 Medial OA              0.643     7
5861.3s 193 Lateral OA             0.595     3
5861.3s 194 PF OA                  0.636     6
5861.3s 195 Effusion               0.700    10
5861.3s 196 Synovitis              0.455     6
5861.3s 197 Baker's                0.385     4
5861.3s 198 Contusion              0.558     4
5861.3s 199 Fracture               0.717     5
5861.3s 200 -------------------- ------- -----
5861.3s 201 Macro AUC              0.621
5861.3s 202 
5861.4s 203 ★ Best model saved (epoch=2, AUC=0.6215)
5862.3s 204 Epoch   3 [   0/ 731] loss=0.2964 | slots=4.3/6
5869.0s 205 Epoch   3 [  50/ 731] loss=0.2844 | slots=4.8/6
5875.6s 206 Epoch   3 [ 100/ 731] loss=0.2773 | slots=4.5/6
5882.2s 207 Epoch   3 [ 150/ 731] loss=0.2816 | slots=4.8/6
5888.6s 208 Epoch   3 [ 200/ 731] loss=0.2688 | slots=4.3/6
5895.1s 209 Epoch   3 [ 250/ 731] loss=0.2719 | slots=4.7/6
5901.7s 210 Epoch   3 [ 300/ 731] loss=0.2642 | slots=4.7/6
5908.3s 211 Epoch   3 [ 350/ 731] loss=0.3520 | slots=4.5/6
5915.6s 212 Epoch   3 [ 400/ 731] loss=0.3423 | slots=4.7/6
5922.3s 213 Epoch   3 [ 450/ 731] loss=0.2647 | slots=4.3/6
5928.9s 214 Epoch   3 [ 500/ 731] loss=0.2476 | slots=4.7/6
5935.5s 215 Epoch   3 [ 550/ 731] loss=0.2773 | slots=4.3/6
5942.1s 216 Epoch   3 [ 600/ 731] loss=0.2819 | slots=4.7/6
5948.6s 217 Epoch   3 [ 650/ 731] loss=0.2611 | slots=4.8/6
5955.2s 218 Epoch   3 [ 700/ 731] loss=0.2462 | slots=4.8/6
5964.6s 219 --- Epoch   3 | train_loss=0.2826 | val_loss=0.6457 | val_auc=0.6127 | 103s | ~63min left ---
5964.6s 220 
5964.6s 221 Class                    AUC   Pos
5964.6s 222 -------------------- ------- -----
5964.6s 223 ACL                    0.773     6
5964.6s 224 MCL                    0.619     3
5964.6s 225 Medial Meniscus        0.586     7
5964.6s 226 Lateral Meniscus       0.543    10
5964.6s 227 Medial OA              0.686     7
5964.6s 228 Lateral OA             0.595     3
5964.6s 229 PF OA                  0.652     6
5964.6s 230 Effusion               0.729    10
5964.6s 231 Synovitis              0.485     6
5964.6s 232 Baker's                0.404     4
5964.6s 233 Contusion              0.615     4
5964.6s 234 Fracture               0.667     5
5964.6s 235 -------------------- ------- -----
5964.6s 236 Macro AUC              0.613
5964.6s 237 
5965.5s 238 Epoch   4 [   0/ 731] loss=0.2662 | slots=4.7/6
5972.4s 239 Epoch   4 [  50/ 731] loss=0.2828 | slots=4.3/6
5979.1s 240 Epoch   4 [ 100/ 731] loss=0.2755 | slots=4.5/6
5985.6s 241 Epoch   4 [ 150/ 731] loss=0.2655 | slots=4.5/6
5992.3s 242 Epoch   4 [ 200/ 731] loss=0.2498 | slots=4.8/6
5998.9s 243 Epoch   4 [ 250/ 731] loss=0.2676 | slots=4.8/6
6005.5s 244 Epoch   4 [ 300/ 731] loss=0.2468 | slots=4.7/6
6012.2s 245 Epoch   4 [ 350/ 731] loss=0.2303 | slots=4.8/6
6019.2s 246 Epoch   4 [ 400/ 731] loss=0.2504 | slots=4.8/6
6025.8s 247 Epoch   4 [ 450/ 731] loss=0.2716 | slots=4.7/6
6032.5s 248 Epoch   4 [ 500/ 731] loss=0.2851 | slots=4.5/6
6039.1s 249 Epoch   4 [ 550/ 731] loss=0.2846 | slots=4.5/6
6045.6s 250 Epoch   4 [ 600/ 731] loss=0.2640 | slots=3.7/6
6052.2s 251 Epoch   4 [ 650/ 731] loss=0.2744 | slots=4.5/6
6058.8s 252 Epoch   4 [ 700/ 731] loss=0.2569 | slots=4.8/6
6068.5s 253 --- Epoch   4 | train_loss=0.2644 | val_loss=0.6412 | val_auc=0.6031 | 104s | ~62min left ---
6068.5s 254 
6068.5s 255 Class                    AUC   Pos
6068.5s 256 -------------------- ------- -----
6068.5s 257 ACL                    0.667     6
6068.5s 258 MCL                    0.643     3
6068.5s 259 Medial Meniscus        0.571     7
6068.5s 260 Lateral Meniscus       0.343    10
6068.5s 261 Medial OA              0.700     7
6068.5s 262 Lateral OA             0.667     3
6068.5s 263 PF OA                  0.606     6
6068.5s 264 Effusion               0.700    10
6068.5s 265 Synovitis              0.485     6
6068.5s 266 Baker's                0.423     4
6068.5s 267 Contusion              0.750     4
6068.5s 268 Fracture               0.683     5
6068.5s 269 -------------------- ------- -----
6068.5s 270 Macro AUC              0.603
6068.5s 271 
6069.4s 272 Epoch   5 [   0/ 731] loss=0.2504 | slots=4.7/6
6076.2s 273 Epoch   5 [  50/ 731] loss=0.2432 | slots=4.7/6
6082.9s 274 Epoch   5 [ 100/ 731] loss=0.2461 | slots=5.0/6
6089.5s 275 Epoch   5 [ 150/ 731] loss=0.2477 | slots=4.8/6
6096.2s 276 Epoch   5 [ 200/ 731] loss=0.2591 | slots=4.8/6
6102.6s 277 Epoch   5 [ 250/ 731] loss=0.2680 | slots=4.7/6
6109.1s 278 Epoch   5 [ 300/ 731] loss=0.2250 | slots=4.5/6
6115.6s 279 Epoch   5 [ 350/ 731] loss=0.2532 | slots=4.5/6
6123.0s 280 Epoch   5 [ 400/ 731] loss=0.2287 | slots=4.3/6
6129.7s 281 Epoch   5 [ 450/ 731] loss=0.2831 | slots=4.5/6
6136.3s 282 Epoch   5 [ 500/ 731] loss=0.2415 | slots=5.0/6
6142.9s 283 Epoch   5 [ 550/ 731] loss=0.2582 | slots=4.5/6
6149.4s 284 Epoch   5 [ 600/ 731] loss=0.2575 | slots=4.8/6
6156.0s 285 Epoch   5 [ 650/ 731] loss=0.2235 | slots=4.8/6
6162.6s 286 Epoch   5 [ 700/ 731] loss=0.2034 | slots=4.8/6
6172.2s 287 --- Epoch   5 | train_loss=0.2515 | val_loss=0.6316 | val_auc=0.5952 | 104s | ~60min left ---
6172.2s 288 
6172.2s 289 Class                    AUC   Pos
6172.2s 290 -------------------- ------- -----
6172.2s 291 ACL                    0.667     6
6172.2s 292 MCL                    0.548     3
6172.2s 293 Medial Meniscus        0.500     7
6172.2s 294 Lateral Meniscus       0.357    10
6172.2s 295 Medial OA              0.686     7
6172.2s 296 Lateral OA             0.619     3
6172.2s 297 PF OA                  0.606     6
6172.2s 298 Effusion               0.700    10
6172.2s 299 Synovitis              0.515     6
6172.2s 300 Baker's                0.481     4
6172.2s 301 Contusion              0.731     4
6172.2s 302 Fracture               0.733     5
6172.2s 303 -------------------- ------- -----
6172.2s 304 Macro AUC              0.595
6172.2s 305 
6173.2s 306 Epoch   6 [   0/ 731] loss=0.2713 | slots=4.8/6
6179.8s 307 Epoch   6 [  50/ 731] loss=0.2297 | slots=4.7/6
6186.8s 308 Epoch   6 [ 100/ 731] loss=0.2269 | slots=5.0/6
6193.6s 309 Epoch   6 [ 150/ 731] loss=0.2187 | slots=5.0/6
6200.3s 310 Epoch   6 [ 200/ 731] loss=0.2478 | slots=5.0/6
6207.1s 311 Epoch   6 [ 250/ 731] loss=0.2300 | slots=5.0/6
6213.8s 312 Epoch   6 [ 300/ 731] loss=0.2142 | slots=4.8/6
6220.5s 313 Epoch   6 [ 350/ 731] loss=0.2956 | slots=4.7/6
6227.7s 314 Epoch   6 [ 400/ 731] loss=0.2028 | slots=4.5/6
6234.1s 315 Epoch   6 [ 450/ 731] loss=0.2909 | slots=4.8/6
6240.7s 316 Epoch   6 [ 500/ 731] loss=0.2555 | slots=4.8/6
6247.3s 317 Epoch   6 [ 550/ 731] loss=0.2019 | slots=4.5/6
6253.9s 318 Epoch   6 [ 600/ 731] loss=0.2052 | slots=4.7/6
6260.4s 319 Epoch   6 [ 650/ 731] loss=0.2469 | slots=4.8/6
6266.9s 320 Epoch   6 [ 700/ 731] loss=0.1882 | slots=4.5/6
6275.9s 321 --- Epoch   6 | train_loss=0.2396 | val_loss=0.6226 | val_auc=0.5970 | 104s | ~58min left ---
6275.9s 322 
6275.9s 323 Class                    AUC   Pos
6275.9s 324 -------------------- ------- -----
6275.9s 325 ACL                    0.682     6
6275.9s 326 MCL                    0.524     3
6275.9s 327 Medial Meniscus        0.429     7
6275.9s 328 Lateral Meniscus       0.371    10
6275.9s 329 Medial OA              0.671     7
6275.9s 330 Lateral OA             0.595     3
6275.9s 331 PF OA                  0.621     6
6275.9s 332 Effusion               0.657    10
6275.9s 333 Synovitis              0.561     6
6275.9s 334 Baker's                0.500     4
6275.9s 335 Contusion              0.769     4
6275.9s 336 Fracture               0.783     5
6275.9s 337 -------------------- ------- -----
6275.9s 338 Macro AUC              0.597
6275.9s 339 
6276.8s 340 Epoch   7 [   0/ 731] loss=0.2596 | slots=4.8/6
6284.0s 341 Epoch   7 [  50/ 731] loss=0.2758 | slots=4.5/6
6290.7s 342 Epoch   7 [ 100/ 731] loss=0.1463 | slots=4.5/6
6297.2s 343 Epoch   7 [ 150/ 731] loss=0.2913 | slots=4.8/6
6303.9s 344 Epoch   7 [ 200/ 731] loss=0.2010 | slots=4.7/6
6310.5s 345 Epoch   7 [ 250/ 731] loss=0.2292 | slots=4.8/6
6317.1s 346 Epoch   7 [ 300/ 731] loss=0.2435 | slots=4.3/6
6324.0s 347 Epoch   7 [ 350/ 731] loss=0.2281 | slots=4.5/6
6331.0s 348 Epoch   7 [ 400/ 731] loss=0.2612 | slots=4.7/6
6337.7s 349 Epoch   7 [ 450/ 731] loss=0.2366 | slots=5.0/6
6344.1s 350 Epoch   7 [ 500/ 731] loss=0.2520 | slots=4.2/6
6350.7s 351 Epoch   7 [ 550/ 731] loss=0.2504 | slots=4.7/6
6357.4s 352 Epoch   7 [ 600/ 731] loss=0.2466 | slots=4.5/6
6364.0s 353 Epoch   7 [ 650/ 731] loss=0.1417 | slots=4.5/6
6370.6s 354 Epoch   7 [ 700/ 731] loss=0.0847 | slots=4.8/6
6379.6s 355 --- Epoch   7 | train_loss=0.2330 | val_loss=0.6192 | val_auc=0.6188 | 104s | ~57min left ---
6379.6s 356 
6379.6s 357 Class                    AUC   Pos
6379.6s 358 -------------------- ------- -----
6379.6s 359 ACL                    0.758     6
6379.6s 360 MCL                    0.500     3
6379.6s 361 Medial Meniscus        0.414     7
6379.6s 362 Lateral Meniscus       0.443    10
6379.6s 363 Medial OA              0.671     7
6379.6s 364 Lateral OA             0.643     3
6379.6s 365 PF OA                  0.621     6
6379.6s 366 Effusion               0.643    10
6379.6s 367 Synovitis              0.591     6
6379.6s 368 Baker's                0.538     4
6379.6s 369 Contusion              0.769     4
6379.6s 370 Fracture               0.833     5
6379.6s 371 -------------------- ------- -----
6379.6s 372 Macro AUC              0.619
6379.6s 373 
6380.5s 374 Epoch   8 [   0/ 731] loss=0.2480 | slots=4.5/6
6387.6s 375 Epoch   8 [  50/ 731] loss=0.2763 | slots=4.7/6
6394.3s 376 Epoch   8 [ 100/ 731] loss=0.2608 | slots=4.8/6
6401.0s 377 Epoch   8 [ 150/ 731] loss=0.2941 | slots=4.8/6
6407.6s 378 Epoch   8 [ 200/ 731] loss=0.2948 | slots=4.5/6
6414.2s 379 Epoch   8 [ 250/ 731] loss=0.2088 | slots=3.8/6
6420.7s 380 Epoch   8 [ 300/ 731] loss=0.2316 | slots=4.5/6
6427.4s 381 Epoch   8 [ 350/ 731] loss=0.2343 | slots=4.3/6
6434.2s 382 Epoch   8 [ 400/ 731] loss=0.2459 | slots=5.0/6
6440.9s 383 Epoch   8 [ 450/ 731] loss=0.2232 | slots=4.7/6
6447.6s 384 Epoch   8 [ 500/ 731] loss=0.2411 | slots=4.5/6
6454.2s 385 Epoch   8 [ 550/ 731] loss=0.2287 | slots=4.5/6
6460.8s 386 Epoch   8 [ 600/ 731] loss=0.1914 | slots=4.5/6
6467.4s 387 Epoch   8 [ 650/ 731] loss=0.1885 | slots=4.7/6
6474.1s 388 Epoch   8 [ 700/ 731] loss=0.2636 | slots=5.0/6
6483.1s 389 --- Epoch   8 | train_loss=0.2274 | val_loss=0.6169 | val_auc=0.6186 | 103s | ~55min left ---
6483.1s 390 
6483.1s 391 Class                    AUC   Pos
6483.1s 392 -------------------- ------- -----
6483.1s 393 ACL                    0.758     6
6483.1s 394 MCL                    0.476     3
6483.1s 395 Medial Meniscus        0.471     7
6483.1s 396 Lateral Meniscus       0.486    10
6483.1s 397 Medial OA              0.700     7
6483.1s 398 Lateral OA             0.619     3
6483.1s 399 PF OA                  0.576     6
6483.1s 400 Effusion               0.629    10
6483.1s 401 Synovitis              0.576     6
6483.1s 402 Baker's                0.500     4
6483.1s 403 Contusion              0.750     4
6483.1s 404 Fracture               0.883     5
6483.1s 405 -------------------- ------- -----
6483.1s 406 Macro AUC              0.619
6483.1s 407 
6484.0s 408 Epoch   9 [   0/ 731] loss=0.2094 | slots=4.5/6
6491.1s 409 Epoch   9 [  50/ 731] loss=0.2542 | slots=4.5/6
6497.7s 410 Epoch   9 [ 100/ 731] loss=0.2452 | slots=5.0/6
6504.4s 411 Epoch   9 [ 150/ 731] loss=0.2093 | slots=4.5/6
6510.9s 412 Epoch   9 [ 200/ 731] loss=0.1659 | slots=4.5/6
6517.6s 413 Epoch   9 [ 250/ 731] loss=0.2429 | slots=4.5/6
6524.2s 414 Epoch   9 [ 300/ 731] loss=0.2656 | slots=4.7/6
6530.9s 415 Epoch   9 [ 350/ 731] loss=0.2611 | slots=4.8/6
6538.0s 416 Epoch   9 [ 400/ 731] loss=0.2090 | slots=4.5/6
6544.6s 417 Epoch   9 [ 450/ 731] loss=0.1047 | slots=4.7/6
6551.1s 418 Epoch   9 [ 500/ 731] loss=0.2156 | slots=4.8/6
6557.6s 419 Epoch   9 [ 550/ 731] loss=0.2204 | slots=4.2/6
6564.0s 420 Epoch   9 [ 600/ 731] loss=0.2698 | slots=4.8/6
6570.6s 421 Epoch   9 [ 650/ 731] loss=0.1285 | slots=4.8/6
6577.0s 422 Epoch   9 [ 700/ 731] loss=0.1910 | slots=4.5/6
6585.9s 423 --- Epoch   9 | train_loss=0.2243 | val_loss=0.6161 | val_auc=0.6087 | 103s | ~53min left ---
6585.9s 424 
6585.9s 425 Class                    AUC   Pos
6585.9s 426 -------------------- ------- -----
6585.9s 427 ACL                    0.742     6
6585.9s 428 MCL                    0.476     3
6585.9s 429 Medial Meniscus        0.457     7
6585.9s 430 Lateral Meniscus       0.457    10
6585.9s 431 Medial OA              0.686     7
6585.9s 432 Lateral OA             0.595     3
6585.9s 433 PF OA                  0.591     6
6585.9s 434 Effusion               0.614    10
6585.9s 435 Synovitis              0.530     6
6585.9s 436 Baker's                0.519     4
6585.9s 437 Contusion              0.769     4
6585.9s 438 Fracture               0.867     5
6585.9s 439 -------------------- ------- -----
6585.9s 440 Macro AUC              0.609
6585.9s 441 
6586.9s 442 Epoch  10 [   0/ 731] loss=0.2597 | slots=4.8/6
6594.1s 443 Epoch  10 [  50/ 731] loss=0.2033 | slots=4.3/6
6600.8s 444 Epoch  10 [ 100/ 731] loss=0.2085 | slots=4.8/6
6607.4s 445 Epoch  10 [ 150/ 731] loss=0.2660 | slots=4.2/6
6613.9s 446 Epoch  10 [ 200/ 731] loss=0.2466 | slots=4.3/6
6620.6s 447 Epoch  10 [ 250/ 731] loss=0.1572 | slots=4.5/6
6627.1s 448 Epoch  10 [ 300/ 731] loss=0.2413 | slots=4.8/6
6633.9s 449 Epoch  10 [ 350/ 731] loss=0.2015 | slots=4.7/6
6640.7s 450 Epoch  10 [ 400/ 731] loss=0.2621 | slots=4.7/6
6647.3s 451 Epoch  10 [ 450/ 731] loss=0.1929 | slots=4.7/6
6653.9s 452 Epoch  10 [ 500/ 731] loss=0.2166 | slots=4.2/6
6660.3s 453 Epoch  10 [ 550/ 731] loss=0.1574 | slots=5.0/6
6667.0s 454 Epoch  10 [ 600/ 731] loss=0.2095 | slots=4.5/6
6673.4s 455 Epoch  10 [ 650/ 731] loss=0.2243 | slots=4.8/6
6680.0s 456 Epoch  10 [ 700/ 731] loss=0.2151 | slots=4.8/6
6689.2s 457 --- Epoch  10 | train_loss=0.2196 | val_loss=0.6150 | val_auc=0.6024 | 103s | ~52min left ---
6689.2s 458 
6689.2s 459 Class                    AUC   Pos
6689.2s 460 -------------------- ------- -----
6689.2s 461 ACL                    0.727     6
6689.2s 462 MCL                    0.476     3
6689.2s 463 Medial Meniscus        0.500     7
6689.2s 464 Lateral Meniscus       0.457    10
6689.2s 465 Medial OA              0.686     7
6689.2s 466 Lateral OA             0.595     3
6689.2s 467 PF OA                  0.545     6
6689.2s 468 Effusion               0.543    10
6689.2s 469 Synovitis              0.500     6
6689.2s 470 Baker's                0.577     4
6689.2s 471 Contusion              0.788     4
6689.2s 472 Fracture               0.833     5
6689.2s 473 -------------------- ------- -----
6689.2s 474 Macro AUC              0.602
6689.2s 475 
6690.2s 476 Epoch  11 [   0/ 731] loss=0.2971 | slots=4.8/6
6697.3s 477 Epoch  11 [  50/ 731] loss=0.2084 | slots=4.5/6
6704.1s 478 Epoch  11 [ 100/ 731] loss=0.1213 | slots=4.3/6
6710.6s 479 Epoch  11 [ 150/ 731] loss=0.2277 | slots=4.7/6
6717.2s 480 Epoch  11 [ 200/ 731] loss=0.1690 | slots=4.8/6
6723.8s 481 Epoch  11 [ 250/ 731] loss=0.2801 | slots=5.0/6
6730.4s 482 Epoch  11 [ 300/ 731] loss=0.2085 | slots=4.8/6
6736.9s 483 Epoch  11 [ 350/ 731] loss=0.2212 | slots=4.2/6
6743.8s 484 Epoch  11 [ 400/ 731] loss=0.2107 | slots=4.7/6
6750.5s 485 Epoch  11 [ 450/ 731] loss=0.1202 | slots=5.0/6
6757.0s 486 Epoch  11 [ 500/ 731] loss=0.2449 | slots=4.7/6
6763.5s 487 Epoch  11 [ 550/ 731] loss=0.2268 | slots=4.7/6
6770.1s 488 Epoch  11 [ 600/ 731] loss=0.2685 | slots=4.2/6
6776.7s 489 Epoch  11 [ 650/ 731] loss=0.2563 | slots=4.8/6
6783.3s 490 Epoch  11 [ 700/ 731] loss=0.2578 | slots=4.8/6
6792.3s 491 --- Epoch  11 | train_loss=0.2164 | val_loss=0.6124 | val_auc=0.5991 | 103s | ~50min left ---
6792.3s 492 
6792.3s 493 Class                    AUC   Pos
6792.3s 494 -------------------- ------- -----
6792.3s 495 ACL                    0.803     6
6792.3s 496 MCL                    0.524     3
6792.3s 497 Medial Meniscus        0.543     7
6792.3s 498 Lateral Meniscus       0.457    10
6792.3s 499 Medial OA              0.671     7
6792.3s 500 Lateral OA             0.571     3
6792.3s 501 PF OA                  0.530     6
6792.3s 502 Effusion               0.500    10
6792.3s 503 Synovitis              0.424     6
6792.3s 504 Baker's                0.577     4
6792.3s 505 Contusion              0.788     4
6792.3s 506 Fracture               0.800     5
6792.3s 507 -------------------- ------- -----
6792.3s 508 Macro AUC              0.599
6792.3s 509 
6793.3s 510 Epoch  12 [   0/ 731] loss=0.2569 | slots=4.0/6
6800.5s 511 Epoch  12 [  50/ 731] loss=0.2560 | slots=4.7/6
6807.3s 512 Epoch  12 [ 100/ 731] loss=0.2412 | slots=4.7/6
6813.9s 513 Epoch  12 [ 150/ 731] loss=0.2522 | slots=4.7/6
6820.4s 514 Epoch  12 [ 200/ 731] loss=0.2594 | slots=4.7/6
6827.2s 515 Epoch  12 [ 250/ 731] loss=0.2514 | slots=4.3/6
6833.7s 516 Epoch  12 [ 300/ 731] loss=0.2418 | slots=4.8/6
6840.1s 517 Epoch  12 [ 350/ 731] loss=0.2499 | slots=4.7/6
6847.1s 518 Epoch  12 [ 400/ 731] loss=0.2121 | slots=4.5/6
6853.6s 519 Epoch  12 [ 450/ 731] loss=0.2425 | slots=4.5/6
6860.0s 520 Epoch  12 [ 500/ 731] loss=0.2800 | slots=5.0/6
6866.6s 521 Epoch  12 [ 550/ 731] loss=0.2135 | slots=4.7/6
6873.2s 522 Epoch  12 [ 600/ 731] loss=0.2380 | slots=4.5/6
6879.7s 523 Epoch  12 [ 650/ 731] loss=0.2179 | slots=4.7/6
6886.4s 524 Epoch  12 [ 700/ 731] loss=0.1988 | slots=4.7/6
6895.7s 525 --- Epoch  12 | train_loss=0.2177 | val_loss=0.6089 | val_auc=0.5826 | 103s | ~48min left ---
6895.7s 526 
6895.7s 527 Class                    AUC   Pos
6895.7s 528 -------------------- ------- -----
6895.7s 529 ACL                    0.803     6
6895.7s 530 MCL                    0.500     3
6895.7s 531 Medial Meniscus        0.514     7
6895.7s 532 Lateral Meniscus       0.457    10
6895.7s 533 Medial OA              0.671     7
6895.7s 534 Lateral OA             0.548     3
6895.7s 535 PF OA                  0.530     6
6895.7s 536 Effusion               0.471    10
6895.7s 537 Synovitis              0.364     6
6895.7s 538 Baker's                0.577     4
6895.7s 539 Contusion              0.788     4
6895.7s 540 Fracture               0.767     5
6895.7s 541 -------------------- ------- -----
6895.7s 542 Macro AUC              0.583
6895.7s 543 
6896.7s 544 Epoch  13 [   0/ 731] loss=0.2120 | slots=4.7/6
6904.0s 545 Epoch  13 [  50/ 731] loss=0.2033 | slots=4.2/6
6910.6s 546 Epoch  13 [ 100/ 731] loss=0.2895 | slots=5.0/6
6917.2s 547 Epoch  13 [ 150/ 731] loss=0.1543 | slots=4.8/6
6923.8s 548 Epoch  13 [ 200/ 731] loss=0.1726 | slots=4.8/6
6930.4s 549 Epoch  13 [ 250/ 731] loss=0.1646 | slots=4.7/6
6937.0s 550 Epoch  13 [ 300/ 731] loss=0.1255 | slots=4.5/6
6943.5s 551 Epoch  13 [ 350/ 731] loss=0.2177 | slots=5.0/6
6950.5s 552 Epoch  13 [ 400/ 731] loss=0.2472 | slots=4.8/6
6956.9s 553 Epoch  13 [ 450/ 731] loss=0.2142 | slots=4.7/6
6963.6s 554 Epoch  13 [ 500/ 731] loss=0.2856 | slots=5.0/6
6970.1s 555 Epoch  13 [ 550/ 731] loss=0.1536 | slots=4.7/6
6976.9s 556 Epoch  13 [ 600/ 731] loss=0.1938 | slots=4.8/6
6983.5s 557 Epoch  13 [ 650/ 731] loss=0.2419 | slots=4.8/6
6990.1s 558 Epoch  13 [ 700/ 731] loss=0.2476 | slots=4.2/6
6999.2s 559 --- Epoch  13 | train_loss=0.2156 | val_loss=0.6056 | val_auc=0.5706 | 103s | ~46min left ---
6999.2s 560 
6999.2s 561 Class                    AUC   Pos
6999.2s 562 -------------------- ------- -----
6999.2s 563 ACL                    0.803     6
6999.2s 564 MCL                    0.500     3
6999.2s 565 Medial Meniscus        0.529     7
6999.2s 566 Lateral Meniscus       0.429    10
6999.2s 567 Medial OA              0.686     7
6999.2s 568 Lateral OA             0.524     3
6999.2s 569 PF OA                  0.545     6
6999.2s 570 Effusion               0.457    10
6999.2s 571 Synovitis              0.348     6
6999.2s 572 Baker's                0.577     4
6999.2s 573 Contusion              0.750     4
6999.2s 574 Fracture               0.700     5
6999.2s 575 -------------------- ------- -----
6999.2s 576 Macro AUC              0.571
6999.2s 577 
7000.1s 578 Epoch  14 [   0/ 731] loss=0.1738 | slots=4.5/6
7007.4s 579 Epoch  14 [  50/ 731] loss=0.1140 | slots=4.3/6
7014.1s 580 Epoch  14 [ 100/ 731] loss=0.2336 | slots=4.7/6
7020.7s 581 Epoch  14 [ 150/ 731] loss=0.2606 | slots=4.7/6
7027.3s 582 Epoch  14 [ 200/ 731] loss=0.1726 | slots=4.7/6
7033.9s 583 Epoch  14 [ 250/ 731] loss=0.2249 | slots=4.3/6
7040.5s 584 Epoch  14 [ 300/ 731] loss=0.2553 | slots=4.3/6
7047.1s 585 Epoch  14 [ 350/ 731] loss=0.2447 | slots=4.3/6
7054.0s 586 Epoch  14 [ 400/ 731] loss=0.2134 | slots=4.7/6
7060.6s 587 Epoch  14 [ 450/ 731] loss=0.2380 | slots=4.8/6
7067.2s 588 Epoch  14 [ 500/ 731] loss=0.1433 | slots=4.8/6
7073.9s 589 Epoch  14 [ 550/ 731] loss=0.2643 | slots=4.8/6
7080.5s 590 Epoch  14 [ 600/ 731] loss=0.2516 | slots=4.7/6
7087.2s 591 Epoch  14 [ 650/ 731] loss=0.2509 | slots=4.7/6
7094.0s 592 Epoch  14 [ 700/ 731] loss=0.2456 | slots=4.5/6
7103.0s 593 --- Epoch  14 | train_loss=0.2165 | val_loss=0.6022 | val_auc=0.5712 | 104s | ~45min left ---
7103.0s 594 
7103.0s 595 Class                    AUC   Pos
7103.0s 596 -------------------- ------- -----
7103.0s 597 ACL                    0.803     6
7103.0s 598 MCL                    0.524     3
7103.0s 599 Medial Meniscus        0.529     7
7103.0s 600 Lateral Meniscus       0.443    10
7103.0s 601 Medial OA              0.700     7
7103.0s 602 Lateral OA             0.524     3
7103.0s 603 PF OA                  0.545     6
7103.0s 604 Effusion               0.443    10
7103.0s 605 Synovitis              0.333     6
7103.0s 606 Baker's                0.577     4
7103.0s 607 Contusion              0.750     4
7103.0s 608 Fracture               0.683     5
7103.0s 609 -------------------- ------- -----
7103.0s 610 Macro AUC              0.571
7103.0s 611 
7103.9s 612 Epoch  15 [   0/ 731] loss=0.2409 | slots=4.5/6
7111.0s 613 Epoch  15 [  50/ 731] loss=0.1790 | slots=4.2/6
7117.7s 614 Epoch  15 [ 100/ 731] loss=0.2026 | slots=4.5/6
7124.4s 615 Epoch  15 [ 150/ 731] loss=0.2124 | slots=4.5/6
7130.9s 616 Epoch  15 [ 200/ 731] loss=0.2712 | slots=4.8/6
7137.4s 617 Epoch  15 [ 250/ 731] loss=0.2269 | slots=5.0/6
7144.0s 618 Epoch  15 [ 300/ 731] loss=0.2298 | slots=4.7/6
7150.6s 619 Epoch  15 [ 350/ 731] loss=0.1572 | slots=4.2/6
7157.2s 620 Epoch  15 [ 400/ 731] loss=0.2263 | slots=5.0/6
7164.3s 621 Epoch  15 [ 450/ 731] loss=0.2120 | slots=4.5/6
7170.8s 622 Epoch  15 [ 500/ 731] loss=0.2477 | slots=4.8/6
7177.5s 623 Epoch  15 [ 550/ 731] loss=0.2207 | slots=4.7/6
7184.1s 624 Epoch  15 [ 600/ 731] loss=0.2644 | slots=4.7/6
7190.6s 625 Epoch  15 [ 650/ 731] loss=0.1779 | slots=4.5/6
7197.3s 626 Epoch  15 [ 700/ 731] loss=0.2026 | slots=4.8/6
7206.3s 627 --- Epoch  15 | train_loss=0.2147 | val_loss=0.5978 | val_auc=0.5667 | 103s | ~43min left ---
7206.3s 628 
7206.3s 629 Class                    AUC   Pos
7206.3s 630 -------------------- ------- -----
7206.3s 631 ACL                    0.803     6
7206.3s 632 MCL                    0.524     3
7206.3s 633 Medial Meniscus        0.529     7
7206.3s 634 Lateral Meniscus       0.443    10
7206.3s 635 Medial OA              0.714     7
7206.3s 636 Lateral OA             0.500     3
7206.3s 637 PF OA                  0.545     6
7206.3s 638 Effusion               0.414    10
7206.3s 639 Synovitis              0.318     6
7206.3s 640 Baker's                0.577     4
7206.3s 641 Contusion              0.750     4
7206.3s 642 Fracture               0.683     5
7206.3s 643 -------------------- ------- -----
7206.3s 644 Macro AUC              0.567
7206.3s 645 
7207.3s 646 Epoch  16 [   0/ 731] loss=0.1665 | slots=4.7/6
7214.4s 647 Epoch  16 [  50/ 731] loss=0.1693 | slots=4.2/6
7220.9s 648 Epoch  16 [ 100/ 731] loss=0.2020 | slots=4.7/6
7227.6s 649 Epoch  16 [ 150/ 731] loss=0.1701 | slots=4.7/6
7234.2s 650 Epoch  16 [ 200/ 731] loss=0.1577 | slots=4.2/6
7241.0s 651 Epoch  16 [ 250/ 731] loss=0.1915 | slots=4.3/6
7247.7s 652 Epoch  16 [ 300/ 731] loss=0.1684 | slots=4.7/6
7254.4s 653 Epoch  16 [ 350/ 731] loss=0.2350 | slots=5.0/6
7261.0s 654 Epoch  16 [ 400/ 731] loss=0.2281 | slots=4.7/6
7267.9s 655 Epoch  16 [ 450/ 731] loss=0.1603 | slots=4.2/6
7274.6s 656 Epoch  16 [ 500/ 731] loss=0.2404 | slots=4.7/6
7281.3s 657 Epoch  16 [ 550/ 731] loss=0.2656 | slots=4.3/6
7288.1s 658 Epoch  16 [ 600/ 731] loss=0.2001 | slots=4.7/6
7295.0s 659 Epoch  16 [ 650/ 731] loss=0.1766 | slots=4.8/6
7301.8s 660 Epoch  16 [ 700/ 731] loss=0.1334 | slots=4.8/6
7310.8s 661 --- Epoch  16 | train_loss=0.2218 | val_loss=0.5930 | val_auc=0.5797 | 104s | ~41min left ---
7310.8s 662 
7310.8s 663 Class                    AUC   Pos
7310.8s 664 -------------------- ------- -----
7310.8s 665 ACL                    0.833     6
7310.8s 666 MCL                    0.524     3
7310.8s 667 Medial Meniscus        0.557     7
7310.8s 668 Lateral Meniscus       0.471    10
7310.8s 669 Medial OA              0.700     7
7310.8s 670 Lateral OA             0.476     3
7310.8s 671 PF OA                  0.530     6
7310.8s 672 Effusion               0.429    10
7310.8s 673 Synovitis              0.318     6
7310.8s 674 Baker's                0.615     4
7310.8s 675 Contusion              0.769     4
7310.8s 676 Fracture               0.733     5
7310.8s 677 -------------------- ------- -----
7310.8s 678 Macro AUC              0.580
7310.8s 679 
7311.7s 680 Epoch  17 [   0/ 731] loss=0.2239 | slots=4.8/6
7318.9s 681 Epoch  17 [  50/ 731] loss=0.1997 | slots=5.0/6
7325.7s 682 Epoch  17 [ 100/ 731] loss=0.2090 | slots=4.7/6
7332.4s 683 Epoch  17 [ 150/ 731] loss=0.2564 | slots=4.7/6
7339.0s 684 Epoch  17 [ 200/ 731] loss=0.2528 | slots=4.3/6
7345.8s 685 Epoch  17 [ 250/ 731] loss=0.1810 | slots=4.7/6
7352.3s 686 Epoch  17 [ 300/ 731] loss=0.1679 | slots=4.8/6
7358.9s 687 Epoch  17 [ 350/ 731] loss=0.1208 | slots=4.7/6
7365.6s 688 Epoch  17 [ 400/ 731] loss=0.2546 | slots=4.7/6
7372.6s 689 Epoch  17 [ 450/ 731] loss=0.2684 | slots=4.8/6
7379.1s 690 Epoch  17 [ 500/ 731] loss=0.2541 | slots=5.0/6
7385.7s 691 Epoch  17 [ 550/ 731] loss=0.2203 | slots=4.7/6
7392.3s 692 Epoch  17 [ 600/ 731] loss=0.2461 | slots=4.7/6
7398.9s 693 Epoch  17 [ 650/ 731] loss=0.2658 | slots=4.8/6
7405.3s 694 Epoch  17 [ 700/ 731] loss=0.2672 | slots=4.8/6
7414.2s 695 --- Epoch  17 | train_loss=0.2217 | val_loss=0.5879 | val_auc=0.5762 | 103s | ~40min left ---
7414.2s 696 
7414.2s 697 Class                    AUC   Pos
7414.2s 698 -------------------- ------- -----
7414.2s 699 ACL                    0.803     6
7414.2s 700 MCL                    0.524     3
7414.2s 701 Medial Meniscus        0.543     7
7414.2s 702 Lateral Meniscus       0.457    10
7414.2s 703 Medial OA              0.686     7
7414.2s 704 Lateral OA             0.452     3
7414.2s 705 PF OA                  0.561     6
7414.2s 706 Effusion               0.443    10
7414.2s 707 Synovitis              0.364     6
7414.2s 708 Baker's                0.615     4
7414.2s 709 Contusion              0.750     4
7414.2s 710 Fracture               0.717     5
7414.2s 711 -------------------- ------- -----
7414.2s 712 Macro AUC              0.576
7414.2s 713 
7414.2s 714 Early stopping at epoch 17 (patience=15)
7414.2s 715 
7414.2s 716 ============================================================
7414.2s 717 Training complete: 29min | Best AUC=0.6215 @ epoch 2
7414.2s 718 Best model: /kaggle/working/checkpoints/best_model.pt
7414.2s 719 ============================================================
7414.4s 720 ============================================================
7414.4s 721 GOLD VALIDATION + TEST INFERENCE
7414.4s 722 ============================================================
7414.4s 723 Loading checkpoint: /kaggle/working/checkpoints/best_model.pt
7415.1s 724 Using EMA weights for inference
7415.1s 725 Model loaded: epoch=2, AUC=0.6215
7415.1s 726 
7415.1s 727 --- Gold Validation ---
7415.1s 728 Gold studies in cache: 17/17
7420.4s 729 
7420.4s 730 Gold Validation (17 studies, 7-window TTA + diag pool):
7420.4s 731 Class                    AUC   Pos
7420.4s 732 ACL                   0.6667     6
7420.4s 733 MCL                   0.2857     3
7420.4s 734 Medial Meniscus       0.7571     7
7420.4s 735 Lateral Meniscus      0.4429    10
7420.4s 736 Medial OA             0.7429     7
7420.4s 737 Lateral OA            0.6429     3
7420.4s 738 PF OA                 0.6061     6
7420.4s 739 Effusion              0.8571    10
7420.4s 740 Synovitis             0.7576     6
7420.4s 741 Baker's               0.3654     4
7420.4s 742 Contusion             0.7500     4
7420.4s 743 Fracture              0.5333     5
7420.4s 744 Macro AUC             0.6173
7420.4s 745 
7420.4s 746 --- Test Set Inference ---
7420.4s 747 test_series.csv: 15 series, 3 studies
7421.1s 748 Slot map: 3 studies
7421.1s 749 SAG_FLUID_FS      :     2/3 (67%)
7421.1s 750 COR_FLUID_FS      :     3/3 (100%)
7421.1s 751 AX_FLUID_FS       :     3/3 (100%)
7421.1s 752 SAG_FLUID_NOFS    :     0/3 (0%)
7421.1s 753 COR_T1            :     1/3 (33%)
7421.1s 754 SAG_T1            :     3/3 (100%)
7421.1s 755 CSV coverage (3/3) insufficient, scanning DICOM headers...
7421.6s 756 Slot map: 3 studies
7421.6s 757 SAG_FLUID_FS      :     2/3 (67%)
7421.6s 758 COR_FLUID_FS      :     3/3 (100%)
7421.6s 759 AX_FLUID_FS       :     3/3 (100%)
7421.6s 760 SAG_FLUID_NOFS    :     1/3 (33%)
7421.6s 761 COR_T1            :     1/3 (33%)
7421.6s 762 SAG_T1            :     1/3 (33%)
7421.6s 763 DICOM scan: 15 series, 3 studies → 3 studies matched
7421.6s 764 Test studies with slot match: 3/3
7421.6s 765 Detecting test-set laterality (must match train normalization)...
7421.6s 766 Test laterality detected: 3/3 (100%)
7421.8s 767 Freed train cache for test set (GPU: 0.4 GB)
7421.8s 768 Decoding 11 test slot-series...
7428.8s 769 Test cache: 3 studies in 7s (0 failed)
7428.8s 770 Running TTA inference on test set...
7429.6s 771 [0/3] 1s
7429.6s 772 Test inference done in 1s
7429.6s 773 
7429.6s 774 Submission saved: /kaggle/working/submission.csv
7429.6s 775 Studies: 3 (expected: 3)
7429.6s 776 Mean prob: 0.2752
7429.6s 777 ACL                 : mean=0.2340, std=0.0283, >0.5=0.0%
7429.6s 778 MCL                 : mean=0.0907, std=0.0061, >0.5=0.0%
7429.6s 779 Medial Meniscus     : mean=0.4444, std=0.0245, >0.5=0.0%
7429.6s 780 Lateral Meniscus    : mean=0.2921, std=0.0052, >0.5=0.0%
7429.6s 781 Medial OA           : mean=0.2118, std=0.0124, >0.5=0.0%
7429.6s 782 Lateral OA          : mean=0.1469, std=0.0069, >0.5=0.0%
7429.6s 783 PF OA               : mean=0.3607, std=0.0081, >0.5=0.0%
7429.6s 784 Effusion            : mean=0.3973, std=0.0089, >0.5=0.0%
7429.6s 785 Synovitis           : mean=0.4358, std=0.0175, >0.5=0.0%
7429.6s 786 Baker's             : mean=0.1326, std=0.0047, >0.5=0.0%
7429.6s 787 Contusion           : mean=0.2923, std=0.0270, >0.5=0.0%
7429.6s 788 Fracture            : mean=0.2632, std=0.0221, >0.5=0.0%
7429.6s 789 
7429.6s 790 Done!
7429.6s 791 Gold AUC: 0.6173
7429.6s 792 Submission: /kaggle/working/submission.csv
7429.6s 793 Ready to submit to Kaggle!
7436.5s 794 /usr/local/lib/python3.12/dist-packages/mistune.py:435: SyntaxWarning: invalid escape sequence '\|'
7436.5s 795 cells[i][c] = re.sub('\\\\\|', '|', cell)
7436.8s 796 /usr/local/lib/python3.12/dist-packages/nbconvert/filters/filter_links.py:36: SyntaxWarning: invalid escape sequence '\_'
7436.8s 797 text = re.sub(r'_', '\_', text) # Escape underscores in display text
7438.5s 798 [NbConvertApp] Converting notebook __notebook__.ipynb to notebook
7438.9s 799 [NbConvertApp] Writing 156445 bytes to __notebook__.ipynb
7441.6s 800 [NbConvertApp] Converting notebook __notebook__.ipynb to html
7443.2s 801 [NbConvertApp] Writing 731114 bytes to __results__.html